// Jest Snapshot v1, https://goo.gl/fbAQLP

exports[`dropdown-app renders correctly 1`] = `
<dropdown-app
  class="container"
>
  <button
    class="button"
  />
  <ul
    class="list"
  />
</dropdown-app>
`;
