// Jest Snapshot v1, https://goo.gl/fbAQLP

exports[`scrum-column renders correctly 1`] = `
<scrum-column
  class="container"
>
  <div
    class="title"
  >
    <span
      class="counter"
    >
      0
    </span>
  </div>
  <div
    class="list"
  />
  <button
    class="button"
  >
    Ãškol
  </button>
</scrum-column>
`;
