// Jest Snapshot v1, https://goo.gl/fbAQLP

exports[`scrum-task renders correctly 1`] = `
<scrum-task
  class="container"
  draggable="true"
  id="768"
  name="NÃ¡zev"
>
  <div
    class="name"
  />
</scrum-task>
`;
