// Jest Snapshot v1, https://goo.gl/fbAQLP

exports[`toast-message renders correctly 1`] = `
<toast-message
  class="container"
  timeout="8"
>
  <p
    class="text"
  />
</toast-message>
`;
